// Jest Snapshot v1, https://goo.gl/fbAQLP

exports[`pruebas en el <GifItem> debe de hacer match con el snapshot 1`] = `
<div>
  <div
    class="card"
  >
    <img
      alt="Jujutsu"
      src="https://jujutsu.org/"
    />
    <p>
      Jujutsu
    </p>
  </div>
</div>
`;
